[21:29:59] [ServerMain/INFO]: Environment: Environment[sessionHost=https://sessionserver.mojang.com, servicesHost=https://api.minecraftservices.com, name=PROD]
[21:30:00] [ServerMain/INFO]: No existing world data, creating new world
[21:30:02] [ServerMain/INFO]: Loaded 1290 recipes
[21:30:02] [ServerMain/INFO]: Loaded 1399 advancements
[21:30:03] [Server thread/INFO]: Starting minecraft server version 1.21.1
[21:30:03] [Server thread/INFO]: Loading properties
[21:30:03] [Server thread/INFO]: Default game type: SURVIVAL
[21:30:03] [Server thread/INFO]: Generating keypair
[21:30:03] [Server thread/INFO]: Starting Minecraft server on *:25565
[21:30:03] [Server thread/INFO]: Using epoll channel type
[21:30:03] [Server thread/WARN]: **** SERVER IS RUNNING IN OFFLINE/INSECURE MODE!
[21:30:03] [Server thread/WARN]: The server will make no attempt to authenticate usernames. Beware.
[21:30:03] [Server thread/WARN]: While this makes the game possible to play without internet access, it also opens up the ability for hackers to connect with any username they choose.
[21:30:03] [Server thread/WARN]: To change this, set "online-mode" to "true" in the server.properties file.
[21:30:03] [Server thread/INFO]: Preparing level "world"
[21:30:14] [Server thread/INFO]: Preparing start region for dimension minecraft:overworld
[21:30:14] [Worker-Main-2/INFO]: Preparing spawn area: 2%
[21:30:15] [Worker-Main-2/INFO]: Preparing spawn area: 2%
[21:30:15] [Worker-Main-2/INFO]: Preparing spawn area: 2%
[21:30:16] [Worker-Main-2/INFO]: Preparing spawn area: 2%
[21:30:16] [Worker-Main-2/INFO]: Preparing spawn area: 2%
[21:30:17] [Worker-Main-2/INFO]: Preparing spawn area: 2%
[21:30:17] [Worker-Main-2/INFO]: Preparing spawn area: 2%
[21:30:18] [Worker-Main-2/INFO]: Preparing spawn area: 2%
[21:30:18] [Worker-Main-2/INFO]: Preparing spawn area: 2%
[21:30:19] [Worker-Main-2/INFO]: Preparing spawn area: 2%
[21:30:19] [Worker-Main-2/INFO]: Preparing spawn area: 2%
[21:30:20] [Worker-Main-2/INFO]: Preparing spawn area: 2%
[21:30:20] [Worker-Main-2/INFO]: Preparing spawn area: 2%
[21:30:21] [Worker-Main-2/INFO]: Preparing spawn area: 2%
[21:30:21] [Worker-Main-2/INFO]: Preparing spawn area: 2%
[21:30:22] [Worker-Main-2/INFO]: Preparing spawn area: 2%
[21:30:22] [Worker-Main-2/INFO]: Preparing spawn area: 2%
[21:30:23] [Worker-Main-2/INFO]: Preparing spawn area: 4%
[21:30:23] [Server thread/INFO]: Time elapsed: 9206 ms
[21:30:23] [Server thread/INFO]: Done (20.057s)! For help, type "help"
[21:31:27] [Server thread/INFO]: Oldwardog58[/100.111.69.51:64559] logged in with entity id 15 at (-51.5, 76.0, 58.5)
[21:31:27] [Server thread/INFO]: Oldwardog58 joined the game
[21:32:50] [Server thread/INFO]: Oldwardog58 lost connection: Disconnected
[21:32:50] [Server thread/INFO]: Oldwardog58 left the game
[21:33:24] [Server thread/INFO]: Oldwardog58[/100.111.69.51:64596] logged in with entity id 1027 at (-66.80954879395391, 85.0, 95.53542086487575)
[21:33:24] [Server thread/INFO]: Oldwardog58 joined the game
[21:39:57] [Server thread/INFO]: Oldwardog58 lost connection: Disconnected
[21:39:57] [Server thread/INFO]: Oldwardog58 left the game
